// Jest Snapshot v1, https://goo.gl/fbAQLP

exports[`FinalizePage tests should render FinalizePage for the path with testId 1`] = `
Object {
  "asFragment": [Function],
  "baseElement": <body>
    <div>
      <div
        class="wrapper wrapper"
      >
        <h1
          class="heading"
        >
          Finalize
        </h1>
        <h2
          class="heading"
        >
          Spring promotion
        </h2>
        <table
          class="table"
        >
          <thead>
            <tr>
              <th />
              <th>
                <div
                  class="wrapper table-header"
                >
                  Name
                </div>
              </th>
              <th>
                <div
                  class="wrapper table-header"
                >
                  Type
                </div>
              </th>
              <th>
                <div
                  class="wrapper table-header"
                >
                  Status
                </div>
              </th>
              <th>
                <div
                  class="wrapper table-header"
                >
                  Site
                </div>
              </th>
              <th />
            </tr>
          </thead>
          <tbody>
            <tr
              class="row-table"
            >
              <td
                class="thead th1"
              >
                Name
              </td>
              <td
                class="thead th2"
              >
                Type
              </td>
              <td
                class="thead th3"
              >
                Status
              </td>
              <td
                class="thead th4"
              >
                Site
              </td>
              <td
                class="row-indicator siteId-3"
              />
              <td
                class="row-name"
              >
                Dark theme test
              </td>
              <td
                class="row-type"
              >
                MVT
              </td>
              <td
                class="row-status DRAFT"
              >
                Draft
              </td>
              <td
                class="row-site"
              />
              <td
                class="row-actions"
              >
                <a
                  class="link-button gray-dark"
                  href="/finalize/2"
                >
                  Finalize
                </a>
              </td>
            </tr>
          </tbody>
        </table>
      </div>
      <footer
        class="footer"
      >
        <a
          class="link-back"
          href="/"
        >
          <svg>
            Chevron.svg
          </svg>
          <span
            class="link-label"
          >
            Back
          </span>
        </a>
      </footer>
    </div>
  </body>,
  "container": <div>
    <div
      class="wrapper wrapper"
    >
      <h1
        class="heading"
      >
        Finalize
      </h1>
      <h2
        class="heading"
      >
        Spring promotion
      </h2>
      <table
        class="table"
      >
        <thead>
          <tr>
            <th />
            <th>
              <div
                class="wrapper table-header"
              >
                Name
              </div>
            </th>
            <th>
              <div
                class="wrapper table-header"
              >
                Type
              </div>
            </th>
            <th>
              <div
                class="wrapper table-header"
              >
                Status
              </div>
            </th>
            <th>
              <div
                class="wrapper table-header"
              >
                Site
              </div>
            </th>
            <th />
          </tr>
        </thead>
        <tbody>
          <tr
            class="row-table"
          >
            <td
              class="thead th1"
            >
              Name
            </td>
            <td
              class="thead th2"
            >
              Type
            </td>
            <td
              class="thead th3"
            >
              Status
            </td>
            <td
              class="thead th4"
            >
              Site
            </td>
            <td
              class="row-indicator siteId-3"
            />
            <td
              class="row-name"
            >
              Dark theme test
            </td>
            <td
              class="row-type"
            >
              MVT
            </td>
            <td
              class="row-status DRAFT"
            >
              Draft
            </td>
            <td
              class="row-site"
            />
            <td
              class="row-actions"
            >
              <a
                class="link-button gray-dark"
                href="/finalize/2"
              >
                Finalize
              </a>
            </td>
          </tr>
        </tbody>
      </table>
    </div>
    <footer
      class="footer"
    >
      <a
        class="link-back"
        href="/"
      >
        <svg>
          Chevron.svg
        </svg>
        <span
          class="link-label"
        >
          Back
        </span>
      </a>
    </footer>
  </div>,
  "debug": [Function],
  "findAllByAltText": [Function],
  "findAllByDisplayValue": [Function],
  "findAllByLabelText": [Function],
  "findAllByPlaceholderText": [Function],
  "findAllByRole": [Function],
  "findAllByTestId": [Function],
  "findAllByText": [Function],
  "findAllByTitle": [Function],
  "findByAltText": [Function],
  "findByDisplayValue": [Function],
  "findByLabelText": [Function],
  "findByPlaceholderText": [Function],
  "findByRole": [Function],
  "findByTestId": [Function],
  "findByText": [Function],
  "findByTitle": [Function],
  "getAllByAltText": [Function],
  "getAllByDisplayValue": [Function],
  "getAllByLabelText": [Function],
  "getAllByPlaceholderText": [Function],
  "getAllByRole": [Function],
  "getAllByTestId": [Function],
  "getAllByText": [Function],
  "getAllByTitle": [Function],
  "getByAltText": [Function],
  "getByDisplayValue": [Function],
  "getByLabelText": [Function],
  "getByPlaceholderText": [Function],
  "getByRole": [Function],
  "getByTestId": [Function],
  "getByText": [Function],
  "getByTitle": [Function],
  "queryAllByAltText": [Function],
  "queryAllByDisplayValue": [Function],
  "queryAllByLabelText": [Function],
  "queryAllByPlaceholderText": [Function],
  "queryAllByRole": [Function],
  "queryAllByTestId": [Function],
  "queryAllByText": [Function],
  "queryAllByTitle": [Function],
  "queryByAltText": [Function],
  "queryByDisplayValue": [Function],
  "queryByLabelText": [Function],
  "queryByPlaceholderText": [Function],
  "queryByRole": [Function],
  "queryByTestId": [Function],
  "queryByText": [Function],
  "queryByTitle": [Function],
  "rerender": [Function],
  "unmount": [Function],
}
`;
